####### 2016-12-19 02:19:02 #######
$ echo $PWD
/var/www/cueup.dev/build
$ whoami
www-data
$ git pull
From github.com:CruelMoney/Cueup
   467c69f..a91838c  Development -> origin/Development
Updating 467c69f..a91838c
Fast-forward
 build/deploy.php | 5 +++--
 1 file changed, 3 insertions(+), 2 deletions(-)
$ git status
On branch Development
Your branch is up-to-date with 'origin/Development'.
nothing to commit, working directory clean
$ git submodule sync

$ git submodule update

$ git submodule status

$ test -e /usr/share/update-notifier/notify-reboot-required && echo "system restart required"


####### 2016-12-19 02:25:06 #######
$ echo $PWD
/var/www/cueup.dev/build
$ whoami
www-data
$ git pull
From github.com:CruelMoney/Cueup
   03ab078..32022b4  Development -> origin/Development
Updating 03ab078..32022b4
Fast-forward
 build/deploy.php | 4 ++--
 1 file changed, 2 insertions(+), 2 deletions(-)
$ git status
On branch Development
Your branch is up-to-date with 'origin/Development'.
Untracked files:
  (use "git add <file>..." to include in what will be committed)

	deploy-log.txt

nothing added to commit but untracked files present (use "git add" to track)
$ git submodule sync

$ git submodule update

$ git submodule status

$ test -e /usr/share/update-notifier/notify-reboot-required && echo "system restart required"


####### 2016-12-19 02:25:15 #######
$ echo $PWD
/var/www/cueup.dev/build
$ whoami
www-data
$ git pull
Already up-to-date.
$ git status
On branch Development
Your branch is up-to-date with 'origin/Development'.
Untracked files:
  (use "git add <file>..." to include in what will be committed)

	deploy-log.txt

nothing added to commit but untracked files present (use "git add" to track)
$ git submodule sync

$ git submodule update

$ git submodule status

$ test -e /usr/share/update-notifier/notify-reboot-required && echo "system restart required"


####### 2016-12-19 02:26:53 #######
$ echo $PWD
/var/www/cueup.dev/build
$ whoami
www-data
$ git pull
From github.com:CruelMoney/Cueup
   1416ba7..32022b4  master     -> origin/master
Already up-to-date.
$ git status
On branch Development
Your branch is up-to-date with 'origin/Development'.
Untracked files:
  (use "git add <file>..." to include in what will be committed)

	deploy-log.txt

nothing added to commit but untracked files present (use "git add" to track)
$ git submodule sync

$ git submodule update

$ git submodule status

$ test -e /usr/share/update-notifier/notify-reboot-required && echo "system restart required"


####### 2016-12-19 02:29:48 #######
$ echo $PWD
/var/www/cueup.dev/build
$ whoami
www-data
$ git pull
Already up-to-date.
$ git status
On branch Development
Your branch is up-to-date with 'origin/Development'.
Untracked files:
  (use "git add <file>..." to include in what will be committed)

	deploy-log.txt

nothing added to commit but untracked files present (use "git add" to track)
$ git submodule sync

$ git submodule update

$ git submodule status

$ test -e /usr/share/update-notifier/notify-reboot-required && echo "system restart required"


####### 2016-12-26 09:17:13 #######
$ echo $PWD
/var/www/cueup.dev/build
$ whoami
www-data
$ git pull
From github.com:CruelMoney/Cueup
   32022b4..8ed531a  master     -> origin/master
Already up-to-date.
$ git status
On branch Development
Your branch is up-to-date with 'origin/Development'.
Untracked files:
  (use "git add <file>..." to include in what will be committed)

	deploy-log.txt

nothing added to commit but untracked files present (use "git add" to track)
$ git submodule sync

$ git submodule update

$ git submodule status

$ test -e /usr/share/update-notifier/notify-reboot-required && echo "system restart required"


